  Ryujinx.Common -> /Users/liliang/kkdemo/Ryubing/src/Ryujinx.Common/bin/Release/net10.0/Ryujinx.Common.dll
  Ryujinx.Tests.Unicorn -> /Users/liliang/kkdemo/Ryubing/src/Ryujinx.Tests.Unicorn/bin/Release/net10.0/Ryujinx.Tests.Unicorn.dll
  Ryujinx.Graphics.Video -> /Users/liliang/kkdemo/Ryubing/src/Ryujinx.Graphics.Video/bin/Release/net10.0/Ryujinx.Graphics.Video.dll
  Spv.Generator -> /Users/liliang/kkdemo/Ryubing/src/Spv.Generator/bin/Release/net10.0/Spv.Generator.dll
  Ryujinx.Graphics.Texture -> /Users/liliang/kkdemo/Ryubing/src/Ryujinx.Graphics.Texture/bin/Release/net10.0/Ryujinx.Graphics.Texture.dll
  Ryujinx.Graphics.Nvdec.Vp9 -> /Users/liliang/kkdemo/Ryubing/src/Ryujinx.Graphics.Nvdec.Vp9/bin/Release/net10.0/Ryujinx.Graphics.Nvdec.Vp9.dll
  Ryujinx.Memory -> /Users/liliang/kkdemo/Ryubing/src/Ryujinx.Memory/bin/Release/net10.0/Ryujinx.Memory.dll
  Ryujinx.Graphics.Nvdec.FFmpeg -> /Users/liliang/kkdemo/Ryubing/src/Ryujinx.Graphics.Nvdec.FFmpeg/bin/Release/net10.0/Ryujinx.Graphics.Nvdec.FFmpeg.dll
  Ryujinx.Graphics.Shader -> /Users/liliang/kkdemo/Ryubing/src/Ryujinx.Graphics.Shader/bin/Release/net10.0/Ryujinx.Graphics.Shader.dll
  Ryujinx.Graphics.GAL -> /Users/liliang/kkdemo/Ryubing/src/Ryujinx.Graphics.GAL/bin/Release/net10.0/Ryujinx.Graphics.GAL.dll
  Ryujinx.Graphics.Metal -> /Users/liliang/kkdemo/Ryubing/src/Ryujinx.Graphics.Metal/bin/Release/net10.0/Ryujinx.Graphics.Metal.dll
  Ryujinx.Horizon.Common -> /Users/liliang/kkdemo/Ryubing/src/Ryujinx.Horizon.Common/bin/Release/net10.0/Ryujinx.Horizon.Common.dll
  Ryujinx.Tests.Memory -> /Users/liliang/kkdemo/Ryubing/src/Ryujinx.Tests.Memory/bin/Release/net10.0/Ryujinx.Tests.Memory.dll
  ARMeilleure -> /Users/liliang/kkdemo/Ryubing/src/ARMeilleure/bin/Release/net10.0/ARMeilleure.dll
  Ryujinx.Graphics.Device -> /Users/liliang/kkdemo/Ryubing/src/Ryujinx.Graphics.Device/bin/Release/net10.0/Ryujinx.Graphics.Device.dll
  Ryujinx.Graphics.Host1x -> /Users/liliang/kkdemo/Ryubing/src/Ryujinx.Graphics.Host1x/bin/Release/net10.0/Ryujinx.Graphics.Host1x.dll
  Ryujinx.Graphics.Nvdec -> /Users/liliang/kkdemo/Ryubing/src/Ryujinx.Graphics.Nvdec/bin/Release/net10.0/Ryujinx.Graphics.Nvdec.dll
  Ryujinx.Graphics.Vic -> /Users/liliang/kkdemo/Ryubing/src/Ryujinx.Graphics.Vic/bin/Release/net10.0/Ryujinx.Graphics.Vic.dll
  Ryujinx.Cpu -> /Users/liliang/kkdemo/Ryubing/src/Ryujinx.Cpu/bin/Release/net10.0/Ryujinx.Cpu.dll
  Ryujinx.Audio -> /Users/liliang/kkdemo/Ryubing/src/Ryujinx.Audio/bin/Release/net10.0/Ryujinx.Audio.dll
  Ryujinx.Graphics.Gpu -> /Users/liliang/kkdemo/Ryubing/src/Ryujinx.Graphics.Gpu/bin/Release/net10.0/Ryujinx.Graphics.Gpu.dll
  Ryujinx.Horizon.Generators -> /Users/liliang/kkdemo/Ryubing/src/Ryujinx.Horizon.Generators/bin/Release/netstandard2.0/Ryujinx.Horizon.Generators.dll
  Ryujinx.Horizon -> /Users/liliang/kkdemo/Ryubing/src/Ryujinx.Horizon/bin/Release/net10.0/Ryujinx.Horizon.dll
  Ryujinx.Horizon.Kernel.Generators -> /Users/liliang/kkdemo/Ryubing/src/Ryujinx.Horizon.Kernel.Generators/bin/Release/netstandard2.0/Ryujinx.Horizon.Kernel.Generators.dll
  Ryujinx.HLE.Generators -> /Users/liliang/kkdemo/Ryubing/src/Ryujinx.HLE.Generators/bin/Release/netstandard2.0/Ryujinx.HLE.Generators.dll
  Ryujinx.HLE -> /Users/liliang/kkdemo/Ryubing/src/Ryujinx.HLE/bin/Release/net10.0/Ryujinx.HLE.dll
  Ryujinx.Tests -> /Users/liliang/kkdemo/Ryubing/src/Ryujinx.Tests/bin/Release/net10.0/Ryujinx.Tests.dll
Test run for /Users/liliang/kkdemo/Ryubing/src/Ryujinx.Tests/bin/Release/net10.0/Ryujinx.Tests.dll (.NETCoreApp,Version=v10.0)
VSTest version 18.0.1 (arm64)

Starting test execution, please wait...
A total of 1 test files matched the specified pattern.
/Users/liliang/kkdemo/Ryubing/src/Ryujinx.Tests/bin/Release/net10.0/Ryujinx.Tests.dll
NUnit Adapter 4.6.0.0: Test execution started
Running selected tests in /Users/liliang/kkdemo/Ryubing/src/Ryujinx.Tests/bin/Release/net10.0/Ryujinx.Tests.dll
   NUnit3TestExecutor discovered 1 of 1 NUnit test cases using Current Discovery mode, Non-Explicit run
Captured texture readback bytes=255,255,255,255.
Captured Celeste pair readback coloredPixels=1152 centerBGRA=255,255,255,255.
[MetalTexture] 创建: 64x64 B8G8R8A8Unorm Levels=1 texture=0x100BEE650
[MetalTexture] 创建: 2x2 B8G8R8A8Unorm Levels=1 texture=0x100BEF550
[MetalSampler] 创建: sampler=0x100BD3A60
[Metal] CreateProgram 调用: shaders=2 stages=Vertex,Fragment
[MetalProgram][AB] stage=Vertex binding=3 type=CBV offset=0
[MetalProgram][AB] stage=Fragment binding=0 type=SRV offset=0
[MetalProgram][AB] stage=Fragment binding=0 type=Sampler offset=24
[Metal][PSO] MTLLibrary 创建成功: 7156B handle=0x8D10FCE00
[Metal][PSO] MTLLibrary 创建成功: 5716B handle=0x8D10FCF00
[Metal][PSO] RenderPipeline 创建成功: handle=0x8D1888000
[MetalProgram] PSO 状态=Success pipeline=0x8D1888000 shaders=2
[Metal][PSO] RenderPipeline 创建成功: handle=0x8D1888E00
[Metal][AB] stage=Vertex CBV binding=3 offset=0 address=0x1500130000 size=65536
[Metal][AB] stage=Vertex size=24 buffer=0x8D0B69180
[Metal][AB] stage=Fragment SRV binding=0 offset=0 resourceId=0x2
[Metal][AB] stage=Fragment SMP binding=0 offset=24 resourceId=0x1D
[Metal][AB] stage=Fragment size=48 buffer=0x8D0B69340

NUnit Adapter 4.6.0.0: Test execution complete
  Passed RendersCapturedCelesteShaderPairToFramebuffer [966 ms]
  Standard Output Messages:
 [MetalTexture] 创建: 64x64 B8G8R8A8Unorm Levels=1 texture=0x100BEE650
 [MetalTexture] 创建: 2x2 B8G8R8A8Unorm Levels=1 texture=0x100BEF550
 [MetalSampler] 创建: sampler=0x100BD3A60
 [Metal] CreateProgram 调用: shaders=2 stages=Vertex,Fragment
 [MetalProgram][AB] stage=Vertex binding=3 type=CBV offset=0
 [MetalProgram][AB] stage=Fragment binding=0 type=SRV offset=0
 [MetalProgram][AB] stage=Fragment binding=0 type=Sampler offset=24
 [Metal][PSO] MTLLibrary 创建成功: 7156B handle=0x8D10FCE00
 [Metal][PSO] MTLLibrary 创建成功: 5716B handle=0x8D10FCF00
 [Metal][PSO] RenderPipeline 创建成功: handle=0x8D1888000
 [MetalProgram] PSO 状态=Success pipeline=0x8D1888000 shaders=2
 [Metal][PSO] RenderPipeline 创建成功: handle=0x8D1888E00
 [Metal][AB] stage=Vertex CBV binding=3 offset=0 address=0x1500130000 size=65536
 [Metal][AB] stage=Vertex size=24 buffer=0x8D0B69180
 [Metal][AB] stage=Fragment SRV binding=0 offset=0 resourceId=0x2
 [Metal][AB] stage=Fragment SMP binding=0 offset=24 resourceId=0x1D
 [Metal][AB] stage=Fragment size=48 buffer=0x8D0B69340



Test Run Successful.
Total tests: 1
     Passed: 1
 Total time: 12.4722 Seconds
