=== toolchain ===
/usr/local/bin/slangc
error[E00017]: unknown command-line option '--version'
 --> command line
  |
1 | --version
  | ^^ unknown command-line option '--version'
--'
Usage: slangc [options...] [--] <input files>

For help: slangc -h
/usr/local/bin/metal-shaderconverter
metal-irconverter version: 4.0.0
Default triple: air64-apple-macosx15.0.0
=== Apple tools ===
xcrun: error: unable to find utility "metal", not a developer tool or in PATH
/Library/Developer/CommandLineTools/SDKs/MacOSX.sdk
=== Metal device ===
Graphics/Displays:

    Apple M1:

      Chipset Model: Apple M1
      Type: GPU
      Bus: Built-In
      Total Number of Cores: 8
      Vendor: Apple (0x106b)
      Metal Support: Metal 4
      Displays:
        Color LCD:
          Display Type: Built-In Retina LCD
          Resolution: 2560 x 1600 Retina
          Main Display: Yes
          Mirror: Off
          Online: Yes
          Automatically Adjust Brightness: Yes
          Connection Type: Internal

